------------------------------------------------------------
TimeQuest Timing Analyzer Summary
------------------------------------------------------------

Type  : Slow Model Setup 'inst22'
Slack : 0.379
TNS   : 0.000

Type  : Slow Model Setup 'inst10'
Slack : 0.956
TNS   : 0.000

Type  : Slow Model Setup 'inst14'
Slack : 0.956
TNS   : 0.000

Type  : Slow Model Setup 'inst18'
Slack : 0.956
TNS   : 0.000

Type  : Slow Model Setup 'inst6'
Slack : 0.957
TNS   : 0.000

Type  : Slow Model Setup 'inst'
Slack : 0.958
TNS   : 0.000

Type  : Slow Model Setup 'inst3'
Slack : 1.094
TNS   : 0.000

Type  : Slow Model Setup 'inst19'
Slack : 1.097
TNS   : 0.000

Type  : Slow Model Setup 'inst7'
Slack : 1.097
TNS   : 0.000

Type  : Slow Model Setup 'inst11'
Slack : 1.124
TNS   : 0.000

Type  : Slow Model Setup 'inst15'
Slack : 1.124
TNS   : 0.000

Type  : Slow Model Setup 'AUMENTA'
Slack : 2.258
TNS   : 0.000

Type  : Slow Model Hold 'AUMENTA'
Slack : -1.988
TNS   : -1.988

Type  : Slow Model Hold 'inst11'
Slack : -0.854
TNS   : -0.854

Type  : Slow Model Hold 'inst15'
Slack : -0.854
TNS   : -0.854

Type  : Slow Model Hold 'inst19'
Slack : -0.827
TNS   : -0.827

Type  : Slow Model Hold 'inst7'
Slack : -0.827
TNS   : -0.827

Type  : Slow Model Hold 'inst3'
Slack : -0.824
TNS   : -0.824

Type  : Slow Model Hold 'inst'
Slack : -0.688
TNS   : -0.688

Type  : Slow Model Hold 'inst6'
Slack : -0.687
TNS   : -0.687

Type  : Slow Model Hold 'inst10'
Slack : -0.686
TNS   : -0.686

Type  : Slow Model Hold 'inst14'
Slack : -0.686
TNS   : -0.686

Type  : Slow Model Hold 'inst18'
Slack : -0.686
TNS   : -0.686

Type  : Slow Model Hold 'inst22'
Slack : 0.391
TNS   : 0.000

Type  : Slow Model Minimum Pulse Width 'AUMENTA'
Slack : -1.380
TNS   : -2.380

Type  : Slow Model Minimum Pulse Width 'inst'
Slack : -0.500
TNS   : -1.000

Type  : Slow Model Minimum Pulse Width 'inst10'
Slack : -0.500
TNS   : -1.000

Type  : Slow Model Minimum Pulse Width 'inst11'
Slack : -0.500
TNS   : -1.000

Type  : Slow Model Minimum Pulse Width 'inst14'
Slack : -0.500
TNS   : -1.000

Type  : Slow Model Minimum Pulse Width 'inst15'
Slack : -0.500
TNS   : -1.000

Type  : Slow Model Minimum Pulse Width 'inst18'
Slack : -0.500
TNS   : -1.000

Type  : Slow Model Minimum Pulse Width 'inst19'
Slack : -0.500
TNS   : -1.000

Type  : Slow Model Minimum Pulse Width 'inst22'
Slack : -0.500
TNS   : -1.000

Type  : Slow Model Minimum Pulse Width 'inst3'
Slack : -0.500
TNS   : -1.000

Type  : Slow Model Minimum Pulse Width 'inst6'
Slack : -0.500
TNS   : -1.000

Type  : Slow Model Minimum Pulse Width 'inst7'
Slack : -0.500
TNS   : -1.000

Type  : Fast Model Setup 'inst22'
Slack : 0.665
TNS   : 0.000

Type  : Fast Model Setup 'inst10'
Slack : 0.774
TNS   : 0.000

Type  : Fast Model Setup 'inst14'
Slack : 0.774
TNS   : 0.000

Type  : Fast Model Setup 'inst18'
Slack : 0.774
TNS   : 0.000

Type  : Fast Model Setup 'inst'
Slack : 0.776
TNS   : 0.000

Type  : Fast Model Setup 'inst6'
Slack : 0.776
TNS   : 0.000

Type  : Fast Model Setup 'inst3'
Slack : 0.843
TNS   : 0.000

Type  : Fast Model Setup 'inst19'
Slack : 0.846
TNS   : 0.000

Type  : Fast Model Setup 'inst7'
Slack : 0.846
TNS   : 0.000

Type  : Fast Model Setup 'inst11'
Slack : 0.860
TNS   : 0.000

Type  : Fast Model Setup 'inst15'
Slack : 0.860
TNS   : 0.000

Type  : Fast Model Setup 'AUMENTA'
Slack : 1.458
TNS   : 0.000

Type  : Fast Model Hold 'AUMENTA'
Slack : -1.078
TNS   : -1.078

Type  : Fast Model Hold 'inst11'
Slack : -0.480
TNS   : -0.480

Type  : Fast Model Hold 'inst15'
Slack : -0.480
TNS   : -0.480

Type  : Fast Model Hold 'inst19'
Slack : -0.466
TNS   : -0.466

Type  : Fast Model Hold 'inst7'
Slack : -0.466
TNS   : -0.466

Type  : Fast Model Hold 'inst3'
Slack : -0.463
TNS   : -0.463

Type  : Fast Model Hold 'inst'
Slack : -0.396
TNS   : -0.396

Type  : Fast Model Hold 'inst6'
Slack : -0.396
TNS   : -0.396

Type  : Fast Model Hold 'inst10'
Slack : -0.394
TNS   : -0.394

Type  : Fast Model Hold 'inst14'
Slack : -0.394
TNS   : -0.394

Type  : Fast Model Hold 'inst18'
Slack : -0.394
TNS   : -0.394

Type  : Fast Model Hold 'inst22'
Slack : 0.215
TNS   : 0.000

Type  : Fast Model Minimum Pulse Width 'AUMENTA'
Slack : -1.380
TNS   : -2.380

Type  : Fast Model Minimum Pulse Width 'inst'
Slack : -0.500
TNS   : -1.000

Type  : Fast Model Minimum Pulse Width 'inst10'
Slack : -0.500
TNS   : -1.000

Type  : Fast Model Minimum Pulse Width 'inst11'
Slack : -0.500
TNS   : -1.000

Type  : Fast Model Minimum Pulse Width 'inst14'
Slack : -0.500
TNS   : -1.000

Type  : Fast Model Minimum Pulse Width 'inst15'
Slack : -0.500
TNS   : -1.000

Type  : Fast Model Minimum Pulse Width 'inst18'
Slack : -0.500
TNS   : -1.000

Type  : Fast Model Minimum Pulse Width 'inst19'
Slack : -0.500
TNS   : -1.000

Type  : Fast Model Minimum Pulse Width 'inst22'
Slack : -0.500
TNS   : -1.000

Type  : Fast Model Minimum Pulse Width 'inst3'
Slack : -0.500
TNS   : -1.000

Type  : Fast Model Minimum Pulse Width 'inst6'
Slack : -0.500
TNS   : -1.000

Type  : Fast Model Minimum Pulse Width 'inst7'
Slack : -0.500
TNS   : -1.000

------------------------------------------------------------
